> Task :compileJava
> Task :processResources UP-TO-DATE
> Task :classes
> Task :resolveMainClassName UP-TO-DATE

> Task :bootRun

  .   ____          _            __ _ _
 /\\ / ___'_ __ _ _(_)_ __  __ _ \ \ \ \
( ( )\___ | '_ | '_| | '_ \/ _` | \ \ \ \
 \\/  ___)| |_)| | | | | || (_| |  ) ) ) )
  '  |____| .__|_| |_|_| |_\__, | / / / /
 =========|_|==============|___/=/_/_/_/
 :: Spring Boot ::                (v3.2.5)

2026-06-07T17:54:03.166+09:00  INFO 24256 --- [           main] com.fashionapp.FashionAppApplication     : Starting FashionAppApplication using Java 17.0.15 with PID 24256 (C:\Users\wogus\my-fashion-app\backend\build\classes\java\main started by wogus in C:\Users\wogus\my-fashion-app\backend)
2026-06-07T17:54:03.166+09:00  INFO 24256 --- [           main] com.fashionapp.FashionAppApplication     : No active profile set, falling back to 1 default profile: "default"
2026-06-07T17:54:03.610+09:00  INFO 24256 --- [           main] .s.d.r.c.RepositoryConfigurationDelegate : Multiple Spring Data modules found, entering strict repository configuration mode
2026-06-07T17:54:03.611+09:00  INFO 24256 --- [           main] .s.d.r.c.RepositoryConfigurationDelegate : Bootstrapping Spring Data JPA repositories in DEFAULT mode.
2026-06-07T17:54:03.713+09:00  INFO 24256 --- [           main] .s.d.r.c.RepositoryConfigurationDelegate : Finished Spring Data repository scanning in 102 ms. Found 5 JPA repository interfaces.
2026-06-07T17:54:03.729+09:00  INFO 24256 --- [           main] .s.d.r.c.RepositoryConfigurationDelegate : Multiple Spring Data modules found, entering strict repository configuration mode
2026-06-07T17:54:03.729+09:00  INFO 24256 --- [           main] .s.d.r.c.RepositoryConfigurationDelegate : Bootstrapping Spring Data Redis repositories in DEFAULT mode.
2026-06-07T17:54:03.738+09:00  INFO 24256 --- [           main] .RepositoryConfigurationExtensionSupport : Spring Data Redis - Could not safely identify store assignment for repository candidate interface com.fashionapp.domain.clothes.ClothesRepository; If you want this repository to be a Redis repository, consider annotating your entities with one of these annotations: org.springframework.data.redis.core.RedisHash (preferred), or consider extending one of the following types with your repository: org.springframework.data.keyvalue.repository.KeyValueRepository
2026-06-07T17:54:03.738+09:00  INFO 24256 --- [           main] .RepositoryConfigurationExtensionSupport : Spring Data Redis - Could not safely identify store assignment for repository candidate interface com.fashionapp.domain.outfit.OutfitCalendarRepository; If you want this repository to be a Redis repository, consider annotating your entities with one of these annotations: org.springframework.data.redis.core.RedisHash (preferred), or consider extending one of the following types with your repository: org.springframework.data.keyvalue.repository.KeyValueRepository
2026-06-07T17:54:03.738+09:00  INFO 24256 --- [           main] .RepositoryConfigurationExtensionSupport : Spring Data Redis - Could not safely identify store assignment for repository candidate interface com.fashionapp.domain.outfit.OutfitItemRepository; If you want this repository to be a Redis repository, consider annotating your entities with one of these annotations: org.springframework.data.redis.core.RedisHash (preferred), or consider extending one of the following types with your repository: org.springframework.data.keyvalue.repository.KeyValueRepository
2026-06-07T17:54:03.743+09:00  INFO 24256 --- [           main] .RepositoryConfigurationExtensionSupport : Spring Data Redis - Could not safely identify store assignment for repository candidate interface com.fashionapp.domain.outfit.OutfitRepository; If you want this repository to be a Redis repository, consider annotating your entities with one of these annotations: org.springframework.data.redis.core.RedisHash (preferred), or consider extending one of the following types with your repository: org.springframework.data.keyvalue.repository.KeyValueRepository
2026-06-07T17:54:03.743+09:00  INFO 24256 --- [           main] .RepositoryConfigurationExtensionSupport : Spring Data Redis - Could not safely identify store assignment for repository candidate interface com.fashionapp.domain.user.UserRepository; If you want this repository to be a Redis repository, consider annotating your entities with one of these annotations: org.springframework.data.redis.core.RedisHash (preferred), or consider extending one of the following types with your repository: org.springframework.data.keyvalue.repository.KeyValueRepository
2026-06-07T17:54:03.743+09:00  INFO 24256 --- [           main] .s.d.r.c.RepositoryConfigurationDelegate : Finished Spring Data repository scanning in 5 ms. Found 0 Redis repository interfaces.
2026-06-07T17:54:04.150+09:00  INFO 24256 --- [           main] o.s.b.w.embedded.tomcat.TomcatWebServer  : Tomcat initialized with port 8080 (http)
2026-06-07T17:54:04.164+09:00  INFO 24256 --- [           main] o.apache.catalina.core.StandardService   : Starting service [Tomcat]
2026-06-07T17:54:04.164+09:00  INFO 24256 --- [           main] o.apache.catalina.core.StandardEngine    : Starting Servlet engine: [Apache Tomcat/10.1.20]
2026-06-07T17:54:04.213+09:00  INFO 24256 --- [           main] o.a.c.c.C.[Tomcat].[localhost].[/]       : Initializing Spring embedded WebApplicationContext
2026-06-07T17:54:04.213+09:00  INFO 24256 --- [           main] w.s.c.ServletWebServerApplicationContext : Root WebApplicationContext: initialization completed in 1015 ms
2026-06-07T17:54:04.296+09:00  INFO 24256 --- [           main] o.hibernate.jpa.internal.util.LogHelper  : HHH000204: Processing PersistenceUnitInfo [name: default]
2026-06-07T17:54:04.323+09:00  INFO 24256 --- [           main] org.hibernate.Version                    : HHH000412: Hibernate ORM core version 6.4.4.Final
2026-06-07T17:54:04.357+09:00  INFO 24256 --- [           main] o.h.c.internal.RegionFactoryInitiator    : HHH000026: Second-level cache disabled
2026-06-07T17:54:04.500+09:00  INFO 24256 --- [           main] o.s.o.j.p.SpringPersistenceUnitInfo      : No LoadTimeWeaver setup: ignoring JPA class transformer
2026-06-07T17:54:04.530+09:00  INFO 24256 --- [           main] com.zaxxer.hikari.HikariDataSource       : HikariPool-1 - Starting...
2026-06-07T17:54:04.632+09:00  INFO 24256 --- [           main] com.zaxxer.hikari.pool.HikariPool        : HikariPool-1 - Added connection org.postgresql.jdbc.PgConnection@596afb2f
2026-06-07T17:54:04.632+09:00  INFO 24256 --- [           main] com.zaxxer.hikari.HikariDataSource       : HikariPool-1 - Start completed.
2026-06-07T17:54:04.656+09:00  WARN 24256 --- [           main] org.hibernate.orm.deprecation            : HHH90000025: PostgreSQLDialect does not need to be specified explicitly using 'hibernate.dialect' (remove the property setting and it will be selected by default)
2026-06-07T17:54:05.294+09:00  INFO 24256 --- [           main] o.h.e.t.j.p.i.JtaPlatformInitiator       : HHH000489: No JTA platform available (set 'hibernate.transaction.jta.platform' to enable JTA platform integration)
2026-06-07T17:54:05.396+09:00  INFO 24256 --- [           main] j.LocalContainerEntityManagerFactoryBean : Initialized JPA EntityManagerFactory for persistence unit 'default'
2026-06-07T17:54:06.285+09:00  WARN 24256 --- [           main] JpaBaseConfiguration$JpaWebConfiguration : spring.jpa.open-in-view is enabled by default. Therefore, database queries may be performed during view rendering. Explicitly configure spring.jpa.open-in-view to disable this warning
2026-06-07T17:54:06.475+09:00  INFO 24256 --- [           main] o.s.s.web.DefaultSecurityFilterChain     : Will secure any request with [org.springframework.security.web.session.DisableEncodeUrlFilter@414b785c, org.springframework.security.web.context.request.async.WebAsyncManagerIntegrationFilter@4fe0aa21, org.springframework.security.web.context.SecurityContextHolderFilter@a59324f, org.springframework.security.web.header.HeaderWriterFilter@1f9a3640, org.springframework.web.filter.CorsFilter@7d1f906b, org.springframework.security.web.authentication.logout.LogoutFilter@25767bd9, org.springframework.security.oauth2.client.web.OAuth2AuthorizationRequestRedirectFilter@745e1fb7, org.springframework.security.oauth2.client.web.OAuth2LoginAuthenticationFilter@6f9c272b, com.fashionapp.global.jwt.JwtAuthenticationFilter@2fda92e0, org.springframework.security.web.savedrequest.RequestCacheAwareFilter@226346d4, org.springframework.security.web.servletapi.SecurityContextHolderAwareRequestFilter@7aeb5402, org.springframework.security.web.authentication.AnonymousAuthenticationFilter@22fb3dde, org.springframework.security.web.session.SessionManagementFilter@70efc3f9, org.springframework.security.web.access.ExceptionTranslationFilter@1c027237, org.springframework.security.web.access.intercept.AuthorizationFilter@1c023dcb]
2026-06-07T17:54:06.644+09:00  INFO 24256 --- [           main] o.s.b.w.embedded.tomcat.TomcatWebServer  : Tomcat started on port 8080 (http) with context path ''
2026-06-07T17:54:06.660+09:00  INFO 24256 --- [           main] com.fashionapp.FashionAppApplication     : Started FashionAppApplication in 3.771 seconds (process running for 4.042)
2026-06-07T17:54:26.410+09:00  INFO 24256 --- [nio-8080-exec-1] o.a.c.c.C.[Tomcat].[localhost].[/]       : Initializing Spring DispatcherServlet 'dispatcherServlet'
2026-06-07T17:54:26.410+09:00  INFO 24256 --- [nio-8080-exec-1] o.s.web.servlet.DispatcherServlet        : Initializing Servlet 'dispatcherServlet'
2026-06-07T17:54:26.410+09:00  INFO 24256 --- [nio-8080-exec-1] o.s.web.servlet.DispatcherServlet        : Completed initialization in 0 ms

> Task :bootRun FAILED

FAILURE: Build failed with an exception.

* What went wrong:
Execution failed for task ':bootRun'.
> Process 'command 'C:\Program Files\Eclipse Adoptium\jdk-17.0.15.6-hotspot\bin\java.exe'' finished with non-zero exit value 1

* Try:
> Run with --stacktrace option to get the stack trace.
> Run with --info or --debug option to get more log output.
> Run with --scan to get full insights.
> Get more help at https://help.gradle.org.

Deprecated Gradle features were used in this build, making it incompatible with Gradle 9.0.

You can use '--warning-mode all' to show the individual deprecation warnings and determine if they come from your own scripts or plugins.

For more on this, please refer to https://docs.gradle.org/8.10/userguide/command_line_interface.html#sec:command_line_warnings in the Gradle documentation.

BUILD FAILED in 1h 5m 59s
4 actionable tasks: 2 executed, 2 up-to-date
